// Vitest Snapshot v1, https://vitest.dev/guide/snapshot.html

exports[`should > exported 1`] = `
{
  "code": "<script setup lang=\\"ts\\">
import type { A } from \\"./foo\\";

defineProps<
	{
  msg: string;
  aaa?: string;
  bbb: string;
  foo: object;
  bar: number;
  baz: object;
}
>();
</script>
",
  "map": SourceMap {
    "file": undefined,
    "mappings": "AAAA,CAAC,CAAC,CAAC,CAAC,CAAC,CAAC,CAAC,CAAC,CAAC,CAAC,CAAC,CAAC,CAAC,CAAC,CAAC,CAAC,CAAC,CAAC,CAAC,CAAC,CAAC,CAAC,CAAC,CAAC;AACxB,CAAC,CAAC,CAAC,CAAC,CAAC,CAAC,CAAC,CAAC,CAAC,CAAC,CAAC,CAAC,CAAC,CAAC,CAAC,CAAC,CAAC,CAAC,CAAC,CAAC,CAAC,CAAC,CAAC,CAAC,CAAC,CAAC,CAAC,CAAC,CAAC,CAAC,CAAC;AAC/B;AACA,CAAC,CAAC,CAAC,CAAC,CAAC,CAAC,CAAC,CAAC,CAAC,CAAC,CAAC,CAAC;AACZ,CAAC;;;;;;;CAIK;AACN,CAAC,CAAC,CAAC,CAAC;AACJ,CAAC,CAAC,CAAC,CAAC,CAAC,CAAC,CAAC,CAAC,CAAC;",
    "names": [],
    "sources": [
      "",
    ],
    "sourcesContent": undefined,
    "version": 3,
  },
}
`;
